yole = yole <yole>
alabuzhev = alabuzhev <alabuzhev>
2useven10 = 2useven10 <2useven10>
yjh.styx = yjh.styx <yjh.styx>
zg = zg <zg>
Igor.Yudincev = Igor.Yudincev <Igor.Yudincev>
shmuz = shmuz <shmuz>
jurim = jurim <jurim>
karbazol = karbazol <karbazol>
oo.zg.oo = oo.zg.oo <oo.zg.oo>
thims = thims <thims>
yms = yms <yms>
yaroslavsky_a = yaroslavsky_a <yaroslavsky_a>
mrusov = mrusov <mrusov>
lort = lort <lort>
ts = ts <ts>
yjh-styx = yjh-styx <yjh-styx>
fargroup = fargroup <fargroup>
solomuz0 = solomuz0 <solomuz0>
buda = buda <buda>
garry = garry <garry>
samlyukov = samlyukov <samlyukov>
iyudincev = iyudincev <iyudincev>
sdindikov = sdindikov <sdindikov>
yudincev = yudincev <yudincev>
skirda = skirda <skirda>
trexinc = trexinc <trexinc>
drkns = drkns <drkns>
spinoza = spinoza <spinoza>
Vladimir.Surguchev@gmail.com = Vladimir.Surguchev@gmail.com <Vladimir.Surguchev@gmail.com>
gmax = gmax <gmax>
w17 = w17 <w17>
VSkirdin = VSkirdin <VSkirdin>
warp = warp <warp>
z-g = z-g <z-g>
Igor.Yudincev@gmail.com = Igor.Yudincev@gmail.com <Igor.Yudincev@gmail.com>
vskirdin = vskirdin <vskirdin>
chupakabra = chupakabra <chupakabra>
civilis = civilis <civilis>
no-author = no-author <no-author>
yjh = yjh <yjh>
zuz = zuz <zuz>
trex = trex <trex>
shmuel = shmuel <shmuel>
